// Jest Snapshot v1, https://goo.gl/fbAQLP

exports[`Loading Component renders without crashing 1`] = `
ShallowWrapper {
  "length": 1,
  Symbol(enzyme.__root__): [Circular],
  Symbol(enzyme.__unrendered__): <Loading />,
  Symbol(enzyme.__renderer__): Object {
    "batchedUpdates": [Function],
    "getNode": [Function],
    "render": [Function],
    "simulateEvent": [Function],
    "unmount": [Function],
  },
  Symbol(enzyme.__node__): Object {
    "instance": null,
    "key": undefined,
    "nodeType": "class",
    "props": Object {
      "children": Array [
        <span
          aria-label="left hand"
          role="img"
>
          ðŸ‘ˆ
</span>,
        <span
          aria-label="8-ball"
          role="img"
>
          ðŸŽ±
</span>,
        <span
          aria-label="right hand"
          role="img"
>
          ðŸ‘‰
</span>,
      ],
    },
    "ref": null,
    "rendered": Array [
      Object {
        "instance": null,
        "key": undefined,
        "nodeType": "host",
        "props": Object {
          "aria-label": "left hand",
          "children": "ðŸ‘ˆ",
          "role": "img",
        },
        "ref": null,
        "rendered": "ðŸ‘ˆ",
        "type": "span",
      },
      Object {
        "instance": null,
        "key": undefined,
        "nodeType": "host",
        "props": Object {
          "aria-label": "8-ball",
          "children": "ðŸŽ±",
          "role": "img",
        },
        "ref": null,
        "rendered": "ðŸŽ±",
        "type": "span",
      },
      Object {
        "instance": null,
        "key": undefined,
        "nodeType": "host",
        "props": Object {
          "aria-label": "right hand",
          "children": "ðŸ‘‰",
          "role": "img",
        },
        "ref": null,
        "rendered": "ðŸ‘‰",
        "type": "span",
      },
    ],
    "type": [Function],
  },
  Symbol(enzyme.__nodes__): Array [
    Object {
      "instance": null,
      "key": undefined,
      "nodeType": "class",
      "props": Object {
        "children": Array [
          <span
            aria-label="left hand"
            role="img"
>
            ðŸ‘ˆ
</span>,
          <span
            aria-label="8-ball"
            role="img"
>
            ðŸŽ±
</span>,
          <span
            aria-label="right hand"
            role="img"
>
            ðŸ‘‰
</span>,
        ],
      },
      "ref": null,
      "rendered": Array [
        Object {
          "instance": null,
          "key": undefined,
          "nodeType": "host",
          "props": Object {
            "aria-label": "left hand",
            "children": "ðŸ‘ˆ",
            "role": "img",
          },
          "ref": null,
          "rendered": "ðŸ‘ˆ",
          "type": "span",
        },
        Object {
          "instance": null,
          "key": undefined,
          "nodeType": "host",
          "props": Object {
            "aria-label": "8-ball",
            "children": "ðŸŽ±",
            "role": "img",
          },
          "ref": null,
          "rendered": "ðŸŽ±",
          "type": "span",
        },
        Object {
          "instance": null,
          "key": undefined,
          "nodeType": "host",
          "props": Object {
            "aria-label": "right hand",
            "children": "ðŸ‘‰",
            "role": "img",
          },
          "ref": null,
          "rendered": "ðŸ‘‰",
          "type": "span",
        },
      ],
      "type": [Function],
    },
  ],
  Symbol(enzyme.__options__): Object {
    "adapter": ReactSixteenAdapter {
      "options": Object {
        "enableComponentDidUpdateOnSetState": true,
      },
    },
  },
}
`;
