// Jest Snapshot v1, https://goo.gl/fbAQLP

exports[`Leaderboard component renders without crashing 1`] = `
ReactWrapper {
  "length": 1,
  Symbol(enzyme.__unrendered__): <Leaderboard
    firebase={[Function]}
/>,
  Symbol(enzyme.__renderer__): Object {
    "batchedUpdates": [Function],
    "getNode": [Function],
    "render": [Function],
    "simulateEvent": [Function],
    "unmount": [Function],
  },
  Symbol(enzyme.__root__): [Circular],
  Symbol(enzyme.__node__): Object {
    "instance": Leaderboard {
      "_reactInternalFiber": FiberNode {
        "_debugID": 4,
        "_debugIsCurrentlyTiming": false,
        "_debugOwner": FiberNode {
          "_debugID": 3,
          "_debugIsCurrentlyTiming": false,
          "_debugOwner": null,
          "_debugSource": null,
          "alternate": null,
          "child": [Circular],
          "effectTag": 1,
          "expirationTime": 0,
          "firstEffect": [Circular],
          "index": 0,
          "internalContextTag": 0,
          "key": null,
          "lastEffect": [Circular],
          "memoizedProps": Object {
            "Component": [Function],
            "context": null,
            "props": Object {
              "firebase": [Function],
            },
          },
          "memoizedState": Object {
            "context": null,
            "mount": true,
            "props": Object {
              "firebase": [Function],
            },
          },
          "nextEffect": null,
          "pendingProps": null,
          "ref": null,
          "return": FiberNode {
            "_debugID": 1,
            "_debugIsCurrentlyTiming": false,
            "_debugOwner": null,
            "_debugSource": null,
            "alternate": FiberNode {
              "_debugID": 1,
              "_debugIsCurrentlyTiming": false,
              "_debugOwner": null,
              "_debugSource": null,
              "alternate": [Circular],
              "child": null,
              "effectTag": 0,
              "expirationTime": 1,
              "firstEffect": null,
              "index": 0,
              "internalContextTag": 0,
              "key": null,
              "lastEffect": null,
              "memoizedProps": null,
              "memoizedState": null,
              "nextEffect": null,
              "pendingProps": null,
              "ref": null,
              "return": null,
              "sibling": null,
              "stateNode": Object {
                "containerInfo": <div>
                  <div />
</div>,
                "context": Object {},
                "current": [Circular],
                "finishedWork": null,
                "hydrate": false,
                "isReadyForCommit": false,
                "nextScheduledRoot": null,
                "pendingChildren": null,
                "pendingContext": null,
                "remainingExpirationTime": 0,
              },
              "tag": 3,
              "type": null,
              "updateQueue": Object {
                "baseState": null,
                "callbackList": null,
                "expirationTime": 1,
                "first": Object {
                  "callback": null,
                  "expirationTime": 1,
                  "isForced": false,
                  "isReplace": false,
                  "next": null,
                  "nextCallback": null,
                  "partialState": Object {
                    "element": <WrapperComponent
                      Component={[Function]}
                      context={null}
                      props={
                                            Object {
                                                                  "firebase": [Function],
                                                                }
                      }
/>,
                  },
                },
                "hasForceUpdate": false,
                "isInitialized": false,
                "isProcessing": false,
                "last": Object {
                  "callback": null,
                  "expirationTime": 1,
                  "isForced": false,
                  "isReplace": false,
                  "next": null,
                  "nextCallback": null,
                  "partialState": Object {
                    "element": <WrapperComponent
                      Component={[Function]}
                      context={null}
                      props={
                                            Object {
                                                                  "firebase": [Function],
                                                                }
                      }
/>,
                  },
                },
              },
            },
            "child": [Circular],
            "effectTag": 0,
            "expirationTime": 0,
            "firstEffect": [Circular],
            "index": 0,
            "internalContextTag": 0,
            "key": null,
            "lastEffect": [Circular],
            "memoizedProps": null,
            "memoizedState": Object {
              "element": <WrapperComponent
                Component={[Function]}
                context={null}
                props={
                                Object {
                                                "firebase": [Function],
                                              }
                }
/>,
            },
            "nextEffect": null,
            "pendingProps": null,
            "ref": null,
            "return": null,
            "sibling": null,
            "stateNode": Object {
              "containerInfo": <div>
                <div />
</div>,
              "context": Object {},
              "current": [Circular],
              "finishedWork": null,
              "hydrate": false,
              "isReadyForCommit": false,
              "nextScheduledRoot": null,
              "pendingChildren": null,
              "pendingContext": null,
              "remainingExpirationTime": 0,
            },
            "tag": 3,
            "type": null,
            "updateQueue": null,
          },
          "sibling": null,
          "stateNode": WrapperComponent {
            "_reactInternalFiber": [Circular],
            "_reactInternalInstance": Object {},
            "context": Object {},
            "props": Object {
              "Component": [Function],
              "context": null,
              "props": Object {
                "firebase": [Function],
              },
            },
            "refs": Object {},
            "state": Object {
              "context": null,
              "mount": true,
              "props": Object {
                "firebase": [Function],
              },
            },
            "updater": Object {
              "enqueueForceUpdate": [Function],
              "enqueueReplaceState": [Function],
              "enqueueSetState": [Function],
              "isMounted": [Function],
            },
          },
          "tag": 2,
          "type": [Function],
          "updateQueue": null,
        },
        "_debugSource": null,
        "alternate": null,
        "child": FiberNode {
          "_debugID": 5,
          "_debugIsCurrentlyTiming": false,
          "_debugOwner": [Circular],
          "_debugSource": Object {
            "fileName": "/Users/sstraatemans/Documents/frontmen/react-pool-app/src/components/Leaderboard/index.js",
            "lineNumber": 42,
          },
          "alternate": null,
          "child": null,
          "effectTag": 0,
          "expirationTime": 0,
          "firstEffect": null,
          "index": 0,
          "internalContextTag": 0,
          "key": null,
          "lastEffect": null,
          "memoizedProps": Object {
            "children": undefined,
          },
          "memoizedState": null,
          "nextEffect": null,
          "pendingProps": null,
          "ref": null,
          "return": [Circular],
          "sibling": null,
          "stateNode": <div />,
          "tag": 5,
          "type": "div",
          "updateQueue": null,
        },
        "effectTag": 5,
        "expirationTime": 0,
        "firstEffect": null,
        "index": 0,
        "internalContextTag": 0,
        "key": null,
        "lastEffect": null,
        "memoizedProps": Object {
          "firebase": [Function],
        },
        "memoizedState": null,
        "nextEffect": null,
        "pendingProps": null,
        "ref": null,
        "return": FiberNode {
          "_debugID": 3,
          "_debugIsCurrentlyTiming": false,
          "_debugOwner": null,
          "_debugSource": null,
          "alternate": null,
          "child": [Circular],
          "effectTag": 1,
          "expirationTime": 0,
          "firstEffect": [Circular],
          "index": 0,
          "internalContextTag": 0,
          "key": null,
          "lastEffect": [Circular],
          "memoizedProps": Object {
            "Component": [Function],
            "context": null,
            "props": Object {
              "firebase": [Function],
            },
          },
          "memoizedState": Object {
            "context": null,
            "mount": true,
            "props": Object {
              "firebase": [Function],
            },
          },
          "nextEffect": null,
          "pendingProps": null,
          "ref": null,
          "return": FiberNode {
            "_debugID": 1,
            "_debugIsCurrentlyTiming": false,
            "_debugOwner": null,
            "_debugSource": null,
            "alternate": FiberNode {
              "_debugID": 1,
              "_debugIsCurrentlyTiming": false,
              "_debugOwner": null,
              "_debugSource": null,
              "alternate": [Circular],
              "child": null,
              "effectTag": 0,
              "expirationTime": 1,
              "firstEffect": null,
              "index": 0,
              "internalContextTag": 0,
              "key": null,
              "lastEffect": null,
              "memoizedProps": null,
              "memoizedState": null,
              "nextEffect": null,
              "pendingProps": null,
              "ref": null,
              "return": null,
              "sibling": null,
              "stateNode": Object {
                "containerInfo": <div>
                  <div />
</div>,
                "context": Object {},
                "current": [Circular],
                "finishedWork": null,
                "hydrate": false,
                "isReadyForCommit": false,
                "nextScheduledRoot": null,
                "pendingChildren": null,
                "pendingContext": null,
                "remainingExpirationTime": 0,
              },
              "tag": 3,
              "type": null,
              "updateQueue": Object {
                "baseState": null,
                "callbackList": null,
                "expirationTime": 1,
                "first": Object {
                  "callback": null,
                  "expirationTime": 1,
                  "isForced": false,
                  "isReplace": false,
                  "next": null,
                  "nextCallback": null,
                  "partialState": Object {
                    "element": <WrapperComponent
                      Component={[Function]}
                      context={null}
                      props={
                                            Object {
                                                                  "firebase": [Function],
                                                                }
                      }
/>,
                  },
                },
                "hasForceUpdate": false,
                "isInitialized": false,
                "isProcessing": false,
                "last": Object {
                  "callback": null,
                  "expirationTime": 1,
                  "isForced": false,
                  "isReplace": false,
                  "next": null,
                  "nextCallback": null,
                  "partialState": Object {
                    "element": <WrapperComponent
                      Component={[Function]}
                      context={null}
                      props={
                                            Object {
                                                                  "firebase": [Function],
                                                                }
                      }
/>,
                  },
                },
              },
            },
            "child": [Circular],
            "effectTag": 0,
            "expirationTime": 0,
            "firstEffect": [Circular],
            "index": 0,
            "internalContextTag": 0,
            "key": null,
            "lastEffect": [Circular],
            "memoizedProps": null,
            "memoizedState": Object {
              "element": <WrapperComponent
                Component={[Function]}
                context={null}
                props={
                                Object {
                                                "firebase": [Function],
                                              }
                }
/>,
            },
            "nextEffect": null,
            "pendingProps": null,
            "ref": null,
            "return": null,
            "sibling": null,
            "stateNode": Object {
              "containerInfo": <div>
                <div />
</div>,
              "context": Object {},
              "current": [Circular],
              "finishedWork": null,
              "hydrate": false,
              "isReadyForCommit": false,
              "nextScheduledRoot": null,
              "pendingChildren": null,
              "pendingContext": null,
              "remainingExpirationTime": 0,
            },
            "tag": 3,
            "type": null,
            "updateQueue": null,
          },
          "sibling": null,
          "stateNode": WrapperComponent {
            "_reactInternalFiber": [Circular],
            "_reactInternalInstance": Object {},
            "context": Object {},
            "props": Object {
              "Component": [Function],
              "context": null,
              "props": Object {
                "firebase": [Function],
              },
            },
            "refs": Object {},
            "state": Object {
              "context": null,
              "mount": true,
              "props": Object {
                "firebase": [Function],
              },
            },
            "updater": Object {
              "enqueueForceUpdate": [Function],
              "enqueueReplaceState": [Function],
              "enqueueSetState": [Function],
              "isMounted": [Function],
            },
          },
          "tag": 2,
          "type": [Function],
          "updateQueue": null,
        },
        "sibling": null,
        "stateNode": [Circular],
        "tag": 2,
        "type": [Function],
        "updateQueue": null,
      },
      "_reactInternalInstance": Object {},
      "context": Object {},
      "enrichCompetitorData": [Function],
      "props": Object {
        "firebase": [Function],
      },
      "refs": Object {},
      "state": null,
      "updater": Object {
        "enqueueForceUpdate": [Function],
        "enqueueReplaceState": [Function],
        "enqueueSetState": [Function],
        "isMounted": [Function],
      },
    },
    "key": undefined,
    "nodeType": "class",
    "props": Object {
      "firebase": [Function],
    },
    "ref": null,
    "rendered": Object {
      "instance": <div />,
      "key": undefined,
      "nodeType": "host",
      "props": Object {
        "children": undefined,
      },
      "ref": null,
      "rendered": Array [
        undefined,
      ],
      "type": "div",
    },
    "type": [Function],
  },
  Symbol(enzyme.__nodes__): Array [
    Object {
      "instance": Leaderboard {
        "_reactInternalFiber": FiberNode {
          "_debugID": 4,
          "_debugIsCurrentlyTiming": false,
          "_debugOwner": FiberNode {
            "_debugID": 3,
            "_debugIsCurrentlyTiming": false,
            "_debugOwner": null,
            "_debugSource": null,
            "alternate": null,
            "child": [Circular],
            "effectTag": 1,
            "expirationTime": 0,
            "firstEffect": [Circular],
            "index": 0,
            "internalContextTag": 0,
            "key": null,
            "lastEffect": [Circular],
            "memoizedProps": Object {
              "Component": [Function],
              "context": null,
              "props": Object {
                "firebase": [Function],
              },
            },
            "memoizedState": Object {
              "context": null,
              "mount": true,
              "props": Object {
                "firebase": [Function],
              },
            },
            "nextEffect": null,
            "pendingProps": null,
            "ref": null,
            "return": FiberNode {
              "_debugID": 1,
              "_debugIsCurrentlyTiming": false,
              "_debugOwner": null,
              "_debugSource": null,
              "alternate": FiberNode {
                "_debugID": 1,
                "_debugIsCurrentlyTiming": false,
                "_debugOwner": null,
                "_debugSource": null,
                "alternate": [Circular],
                "child": null,
                "effectTag": 0,
                "expirationTime": 1,
                "firstEffect": null,
                "index": 0,
                "internalContextTag": 0,
                "key": null,
                "lastEffect": null,
                "memoizedProps": null,
                "memoizedState": null,
                "nextEffect": null,
                "pendingProps": null,
                "ref": null,
                "return": null,
                "sibling": null,
                "stateNode": Object {
                  "containerInfo": <div>
                    <div />
</div>,
                  "context": Object {},
                  "current": [Circular],
                  "finishedWork": null,
                  "hydrate": false,
                  "isReadyForCommit": false,
                  "nextScheduledRoot": null,
                  "pendingChildren": null,
                  "pendingContext": null,
                  "remainingExpirationTime": 0,
                },
                "tag": 3,
                "type": null,
                "updateQueue": Object {
                  "baseState": null,
                  "callbackList": null,
                  "expirationTime": 1,
                  "first": Object {
                    "callback": null,
                    "expirationTime": 1,
                    "isForced": false,
                    "isReplace": false,
                    "next": null,
                    "nextCallback": null,
                    "partialState": Object {
                      "element": <WrapperComponent
                        Component={[Function]}
                        context={null}
                        props={
                                                Object {
                                                                        "firebase": [Function],
                                                                      }
                        }
/>,
                    },
                  },
                  "hasForceUpdate": false,
                  "isInitialized": false,
                  "isProcessing": false,
                  "last": Object {
                    "callback": null,
                    "expirationTime": 1,
                    "isForced": false,
                    "isReplace": false,
                    "next": null,
                    "nextCallback": null,
                    "partialState": Object {
                      "element": <WrapperComponent
                        Component={[Function]}
                        context={null}
                        props={
                                                Object {
                                                                        "firebase": [Function],
                                                                      }
                        }
/>,
                    },
                  },
                },
              },
              "child": [Circular],
              "effectTag": 0,
              "expirationTime": 0,
              "firstEffect": [Circular],
              "index": 0,
              "internalContextTag": 0,
              "key": null,
              "lastEffect": [Circular],
              "memoizedProps": null,
              "memoizedState": Object {
                "element": <WrapperComponent
                  Component={[Function]}
                  context={null}
                  props={
                                    Object {
                                                      "firebase": [Function],
                                                    }
                  }
/>,
              },
              "nextEffect": null,
              "pendingProps": null,
              "ref": null,
              "return": null,
              "sibling": null,
              "stateNode": Object {
                "containerInfo": <div>
                  <div />
</div>,
                "context": Object {},
                "current": [Circular],
                "finishedWork": null,
                "hydrate": false,
                "isReadyForCommit": false,
                "nextScheduledRoot": null,
                "pendingChildren": null,
                "pendingContext": null,
                "remainingExpirationTime": 0,
              },
              "tag": 3,
              "type": null,
              "updateQueue": null,
            },
            "sibling": null,
            "stateNode": WrapperComponent {
              "_reactInternalFiber": [Circular],
              "_reactInternalInstance": Object {},
              "context": Object {},
              "props": Object {
                "Component": [Function],
                "context": null,
                "props": Object {
                  "firebase": [Function],
                },
              },
              "refs": Object {},
              "state": Object {
                "context": null,
                "mount": true,
                "props": Object {
                  "firebase": [Function],
                },
              },
              "updater": Object {
                "enqueueForceUpdate": [Function],
                "enqueueReplaceState": [Function],
                "enqueueSetState": [Function],
                "isMounted": [Function],
              },
            },
            "tag": 2,
            "type": [Function],
            "updateQueue": null,
          },
          "_debugSource": null,
          "alternate": null,
          "child": FiberNode {
            "_debugID": 5,
            "_debugIsCurrentlyTiming": false,
            "_debugOwner": [Circular],
            "_debugSource": Object {
              "fileName": "/Users/sstraatemans/Documents/frontmen/react-pool-app/src/components/Leaderboard/index.js",
              "lineNumber": 42,
            },
            "alternate": null,
            "child": null,
            "effectTag": 0,
            "expirationTime": 0,
            "firstEffect": null,
            "index": 0,
            "internalContextTag": 0,
            "key": null,
            "lastEffect": null,
            "memoizedProps": Object {
              "children": undefined,
            },
            "memoizedState": null,
            "nextEffect": null,
            "pendingProps": null,
            "ref": null,
            "return": [Circular],
            "sibling": null,
            "stateNode": <div />,
            "tag": 5,
            "type": "div",
            "updateQueue": null,
          },
          "effectTag": 5,
          "expirationTime": 0,
          "firstEffect": null,
          "index": 0,
          "internalContextTag": 0,
          "key": null,
          "lastEffect": null,
          "memoizedProps": Object {
            "firebase": [Function],
          },
          "memoizedState": null,
          "nextEffect": null,
          "pendingProps": null,
          "ref": null,
          "return": FiberNode {
            "_debugID": 3,
            "_debugIsCurrentlyTiming": false,
            "_debugOwner": null,
            "_debugSource": null,
            "alternate": null,
            "child": [Circular],
            "effectTag": 1,
            "expirationTime": 0,
            "firstEffect": [Circular],
            "index": 0,
            "internalContextTag": 0,
            "key": null,
            "lastEffect": [Circular],
            "memoizedProps": Object {
              "Component": [Function],
              "context": null,
              "props": Object {
                "firebase": [Function],
              },
            },
            "memoizedState": Object {
              "context": null,
              "mount": true,
              "props": Object {
                "firebase": [Function],
              },
            },
            "nextEffect": null,
            "pendingProps": null,
            "ref": null,
            "return": FiberNode {
              "_debugID": 1,
              "_debugIsCurrentlyTiming": false,
              "_debugOwner": null,
              "_debugSource": null,
              "alternate": FiberNode {
                "_debugID": 1,
                "_debugIsCurrentlyTiming": false,
                "_debugOwner": null,
                "_debugSource": null,
                "alternate": [Circular],
                "child": null,
                "effectTag": 0,
                "expirationTime": 1,
                "firstEffect": null,
                "index": 0,
                "internalContextTag": 0,
                "key": null,
                "lastEffect": null,
                "memoizedProps": null,
                "memoizedState": null,
                "nextEffect": null,
                "pendingProps": null,
                "ref": null,
                "return": null,
                "sibling": null,
                "stateNode": Object {
                  "containerInfo": <div>
                    <div />
</div>,
                  "context": Object {},
                  "current": [Circular],
                  "finishedWork": null,
                  "hydrate": false,
                  "isReadyForCommit": false,
                  "nextScheduledRoot": null,
                  "pendingChildren": null,
                  "pendingContext": null,
                  "remainingExpirationTime": 0,
                },
                "tag": 3,
                "type": null,
                "updateQueue": Object {
                  "baseState": null,
                  "callbackList": null,
                  "expirationTime": 1,
                  "first": Object {
                    "callback": null,
                    "expirationTime": 1,
                    "isForced": false,
                    "isReplace": false,
                    "next": null,
                    "nextCallback": null,
                    "partialState": Object {
                      "element": <WrapperComponent
                        Component={[Function]}
                        context={null}
                        props={
                                                Object {
                                                                        "firebase": [Function],
                                                                      }
                        }
/>,
                    },
                  },
                  "hasForceUpdate": false,
                  "isInitialized": false,
                  "isProcessing": false,
                  "last": Object {
                    "callback": null,
                    "expirationTime": 1,
                    "isForced": false,
                    "isReplace": false,
                    "next": null,
                    "nextCallback": null,
                    "partialState": Object {
                      "element": <WrapperComponent
                        Component={[Function]}
                        context={null}
                        props={
                                                Object {
                                                                        "firebase": [Function],
                                                                      }
                        }
/>,
                    },
                  },
                },
              },
              "child": [Circular],
              "effectTag": 0,
              "expirationTime": 0,
              "firstEffect": [Circular],
              "index": 0,
              "internalContextTag": 0,
              "key": null,
              "lastEffect": [Circular],
              "memoizedProps": null,
              "memoizedState": Object {
                "element": <WrapperComponent
                  Component={[Function]}
                  context={null}
                  props={
                                    Object {
                                                      "firebase": [Function],
                                                    }
                  }
/>,
              },
              "nextEffect": null,
              "pendingProps": null,
              "ref": null,
              "return": null,
              "sibling": null,
              "stateNode": Object {
                "containerInfo": <div>
                  <div />
</div>,
                "context": Object {},
                "current": [Circular],
                "finishedWork": null,
                "hydrate": false,
                "isReadyForCommit": false,
                "nextScheduledRoot": null,
                "pendingChildren": null,
                "pendingContext": null,
                "remainingExpirationTime": 0,
              },
              "tag": 3,
              "type": null,
              "updateQueue": null,
            },
            "sibling": null,
            "stateNode": WrapperComponent {
              "_reactInternalFiber": [Circular],
              "_reactInternalInstance": Object {},
              "context": Object {},
              "props": Object {
                "Component": [Function],
                "context": null,
                "props": Object {
                  "firebase": [Function],
                },
              },
              "refs": Object {},
              "state": Object {
                "context": null,
                "mount": true,
                "props": Object {
                  "firebase": [Function],
                },
              },
              "updater": Object {
                "enqueueForceUpdate": [Function],
                "enqueueReplaceState": [Function],
                "enqueueSetState": [Function],
                "isMounted": [Function],
              },
            },
            "tag": 2,
            "type": [Function],
            "updateQueue": null,
          },
          "sibling": null,
          "stateNode": [Circular],
          "tag": 2,
          "type": [Function],
          "updateQueue": null,
        },
        "_reactInternalInstance": Object {},
        "context": Object {},
        "enrichCompetitorData": [Function],
        "props": Object {
          "firebase": [Function],
        },
        "refs": Object {},
        "state": null,
        "updater": Object {
          "enqueueForceUpdate": [Function],
          "enqueueReplaceState": [Function],
          "enqueueSetState": [Function],
          "isMounted": [Function],
        },
      },
      "key": undefined,
      "nodeType": "class",
      "props": Object {
        "firebase": [Function],
      },
      "ref": null,
      "rendered": Object {
        "instance": <div />,
        "key": undefined,
        "nodeType": "host",
        "props": Object {
          "children": undefined,
        },
        "ref": null,
        "rendered": Array [
          undefined,
        ],
        "type": "div",
      },
      "type": [Function],
    },
  ],
  Symbol(enzyme.__options__): Object {
    "adapter": ReactSixteenAdapter {
      "options": Object {
        "enableComponentDidUpdateOnSetState": true,
      },
    },
  },
}
`;
