// Jest Snapshot v1, https://goo.gl/fbAQLP

exports[`User component renders without crashing 1`] = `
ShallowWrapper {
  "length": 1,
  Symbol(enzyme.__root__): [Circular],
  Symbol(enzyme.__unrendered__): <User
    uid="1"
    user={
        Object {
            "avatarUrl": "http://image",
            "displayName": "Bob de Bouwer",
            "uid": 1,
          }
    }
/>,
  Symbol(enzyme.__renderer__): Object {
    "batchedUpdates": [Function],
    "getNode": [Function],
    "render": [Function],
    "simulateEvent": [Function],
    "unmount": [Function],
  },
  Symbol(enzyme.__node__): Object {
    "instance": null,
    "key": undefined,
    "nodeType": "class",
    "props": Object {
      "children": Array [
        <RankingDetail
          currentRanking={Object {}}
          previousRanking={Object {}}
/>,
        <Avatar
          user={
                    Object {
                              "avatarUrl": "http://image",
                              "displayName": "Bob de Bouwer",
                              "uid": 1,
                            }
          }
/>,
        <div>
          <strong>
                    Bob de Bouwer
          </strong>
          <div />
</div>,
      ],
      "onClick": [Function],
    },
    "ref": null,
    "rendered": Array [
      Object {
        "instance": null,
        "key": undefined,
        "nodeType": "function",
        "props": Object {
          "currentRanking": Object {},
          "previousRanking": Object {},
        },
        "ref": null,
        "rendered": null,
        "type": [Function],
      },
      Object {
        "instance": null,
        "key": undefined,
        "nodeType": "function",
        "props": Object {
          "user": Object {
            "avatarUrl": "http://image",
            "displayName": "Bob de Bouwer",
            "uid": 1,
          },
        },
        "ref": null,
        "rendered": null,
        "type": [Function],
      },
      Object {
        "instance": null,
        "key": undefined,
        "nodeType": "host",
        "props": Object {
          "children": Array [
            <strong>
              Bob de Bouwer
</strong>,
            <div />,
          ],
        },
        "ref": null,
        "rendered": Array [
          Object {
            "instance": null,
            "key": undefined,
            "nodeType": "host",
            "props": Object {
              "children": "Bob de Bouwer",
            },
            "ref": null,
            "rendered": "Bob de Bouwer",
            "type": "strong",
          },
          Object {
            "instance": null,
            "key": undefined,
            "nodeType": "host",
            "props": Object {
              "children": undefined,
            },
            "ref": null,
            "rendered": null,
            "type": "div",
          },
        ],
        "type": "div",
      },
    ],
    "type": [Function],
  },
  Symbol(enzyme.__nodes__): Array [
    Object {
      "instance": null,
      "key": undefined,
      "nodeType": "class",
      "props": Object {
        "children": Array [
          <RankingDetail
            currentRanking={Object {}}
            previousRanking={Object {}}
/>,
          <Avatar
            user={
                        Object {
                                    "avatarUrl": "http://image",
                                    "displayName": "Bob de Bouwer",
                                    "uid": 1,
                                  }
            }
/>,
          <div>
            <strong>
                        Bob de Bouwer
            </strong>
            <div />
</div>,
        ],
        "onClick": [Function],
      },
      "ref": null,
      "rendered": Array [
        Object {
          "instance": null,
          "key": undefined,
          "nodeType": "function",
          "props": Object {
            "currentRanking": Object {},
            "previousRanking": Object {},
          },
          "ref": null,
          "rendered": null,
          "type": [Function],
        },
        Object {
          "instance": null,
          "key": undefined,
          "nodeType": "function",
          "props": Object {
            "user": Object {
              "avatarUrl": "http://image",
              "displayName": "Bob de Bouwer",
              "uid": 1,
            },
          },
          "ref": null,
          "rendered": null,
          "type": [Function],
        },
        Object {
          "instance": null,
          "key": undefined,
          "nodeType": "host",
          "props": Object {
            "children": Array [
              <strong>
                Bob de Bouwer
</strong>,
              <div />,
            ],
          },
          "ref": null,
          "rendered": Array [
            Object {
              "instance": null,
              "key": undefined,
              "nodeType": "host",
              "props": Object {
                "children": "Bob de Bouwer",
              },
              "ref": null,
              "rendered": "Bob de Bouwer",
              "type": "strong",
            },
            Object {
              "instance": null,
              "key": undefined,
              "nodeType": "host",
              "props": Object {
                "children": undefined,
              },
              "ref": null,
              "rendered": null,
              "type": "div",
            },
          ],
          "type": "div",
        },
      ],
      "type": [Function],
    },
  ],
  Symbol(enzyme.__options__): Object {
    "adapter": ReactSixteenAdapter {
      "options": Object {
        "enableComponentDidUpdateOnSetState": true,
      },
    },
  },
}
`;
