// Jest Snapshot v1, https://goo.gl/fbAQLP

exports[`Match component renders without crashing 1`] = `
ShallowWrapper {
  "length": 1,
  Symbol(enzyme.__root__): [Circular],
  Symbol(enzyme.__unrendered__): <Match
    auth={
        Object {
            "displayName": "Bob de Bouwer",
            "uid": 1,
          }
    }
    currentRanking={Object {}}
    match={
        Object {
            "competitors": Object {
              "0": Object {
                "displayName": "Bob de Bouwer",
                "uid": 1,
              },
              "1": Object {
                "displayName": "Asterix",
                "uid": 2,
              },
            },
            "uid": "1",
          }
    }
    matchId="1"
    previousRanking={Object {}}
/>,
  Symbol(enzyme.__renderer__): Object {
    "batchedUpdates": [Function],
    "getNode": [Function],
    "render": [Function],
    "simulateEvent": [Function],
    "unmount": [Function],
  },
  Symbol(enzyme.__node__): Object {
    "instance": null,
    "key": "1",
    "nodeType": "class",
    "props": Object {
      "canbeSwiped": true,
      "children": <styled.li
        contested={undefined}
>
        <strong />
        <Competitor
                align="left"
                checkAuthIsCompetitor={true}
                competitor={
                        Object {
                                "displayName": "Bob de Bouwer",
                                "uid": 1,
                              }
                }
                currentRanking={Object {}}
                handleClick={[Function]}
                hasVote={false}
                online={false}
                previousRanking={Object {}}
                winner={undefined}
        />
        <styled.div>
                vs
                <styled.div>
                        0-0
                </styled.div>
        </styled.div>
        <Competitor
                align="right"
                checkAuthIsCompetitor={true}
                competitor={
                        Object {
                                "displayName": "Asterix",
                                "uid": 2,
                              }
                }
                currentRanking={Object {}}
                handleClick={[Function]}
                hasVote={false}
                online={false}
                previousRanking={Object {}}
                winner={undefined}
        />
</styled.li>,
      "deleteId": "1",
      "deleteObject": Object {
        "competitors": Object {
          "0": Object {
            "displayName": "Bob de Bouwer",
            "uid": 1,
          },
          "1": Object {
            "displayName": "Asterix",
            "uid": 2,
          },
        },
        "uid": "1",
      },
      "onDelete": [Function],
      "tag": "div",
    },
    "ref": null,
    "rendered": Object {
      "instance": null,
      "key": undefined,
      "nodeType": "class",
      "props": Object {
        "children": Array [
          <strong />,
          <Competitor
            align="left"
            checkAuthIsCompetitor={true}
            competitor={
                        Object {
                                    "displayName": "Bob de Bouwer",
                                    "uid": 1,
                                  }
            }
            currentRanking={Object {}}
            handleClick={[Function]}
            hasVote={false}
            online={false}
            previousRanking={Object {}}
            winner={undefined}
/>,
          <styled.div>
            vs
            <styled.div>
                        0-0
            </styled.div>
</styled.div>,
          <Competitor
            align="right"
            checkAuthIsCompetitor={true}
            competitor={
                        Object {
                                    "displayName": "Asterix",
                                    "uid": 2,
                                  }
            }
            currentRanking={Object {}}
            handleClick={[Function]}
            hasVote={false}
            online={false}
            previousRanking={Object {}}
            winner={undefined}
/>,
        ],
        "contested": undefined,
      },
      "ref": null,
      "rendered": Array [
        Object {
          "instance": null,
          "key": undefined,
          "nodeType": "host",
          "props": Object {
            "children": "",
          },
          "ref": null,
          "rendered": "",
          "type": "strong",
        },
        Object {
          "instance": null,
          "key": "1",
          "nodeType": "function",
          "props": Object {
            "align": "left",
            "checkAuthIsCompetitor": true,
            "competitor": Object {
              "displayName": "Bob de Bouwer",
              "uid": 1,
            },
            "currentRanking": Object {},
            "handleClick": [Function],
            "hasVote": false,
            "online": false,
            "previousRanking": Object {},
            "winner": undefined,
          },
          "ref": null,
          "rendered": null,
          "type": [Function],
        },
        Object {
          "instance": null,
          "key": undefined,
          "nodeType": "class",
          "props": Object {
            "children": Array [
              "vs",
              <styled.div>
                0-0
</styled.div>,
            ],
          },
          "ref": null,
          "rendered": Array [
            "vs",
            Object {
              "instance": null,
              "key": undefined,
              "nodeType": "class",
              "props": Object {
                "children": "0-0",
              },
              "ref": null,
              "rendered": "0-0",
              "type": [Function],
            },
          ],
          "type": [Function],
        },
        Object {
          "instance": null,
          "key": "2",
          "nodeType": "function",
          "props": Object {
            "align": "right",
            "checkAuthIsCompetitor": true,
            "competitor": Object {
              "displayName": "Asterix",
              "uid": 2,
            },
            "currentRanking": Object {},
            "handleClick": [Function],
            "hasVote": false,
            "online": false,
            "previousRanking": Object {},
            "winner": undefined,
          },
          "ref": null,
          "rendered": null,
          "type": [Function],
        },
      ],
      "type": [Function],
    },
    "type": [Function],
  },
  Symbol(enzyme.__nodes__): Array [
    Object {
      "instance": null,
      "key": "1",
      "nodeType": "class",
      "props": Object {
        "canbeSwiped": true,
        "children": <styled.li
          contested={undefined}
>
          <strong />
          <Competitor
                    align="left"
                    checkAuthIsCompetitor={true}
                    competitor={
                              Object {
                                        "displayName": "Bob de Bouwer",
                                        "uid": 1,
                                      }
                    }
                    currentRanking={Object {}}
                    handleClick={[Function]}
                    hasVote={false}
                    online={false}
                    previousRanking={Object {}}
                    winner={undefined}
          />
          <styled.div>
                    vs
                    <styled.div>
                              0-0
                    </styled.div>
          </styled.div>
          <Competitor
                    align="right"
                    checkAuthIsCompetitor={true}
                    competitor={
                              Object {
                                        "displayName": "Asterix",
                                        "uid": 2,
                                      }
                    }
                    currentRanking={Object {}}
                    handleClick={[Function]}
                    hasVote={false}
                    online={false}
                    previousRanking={Object {}}
                    winner={undefined}
          />
</styled.li>,
        "deleteId": "1",
        "deleteObject": Object {
          "competitors": Object {
            "0": Object {
              "displayName": "Bob de Bouwer",
              "uid": 1,
            },
            "1": Object {
              "displayName": "Asterix",
              "uid": 2,
            },
          },
          "uid": "1",
        },
        "onDelete": [Function],
        "tag": "div",
      },
      "ref": null,
      "rendered": Object {
        "instance": null,
        "key": undefined,
        "nodeType": "class",
        "props": Object {
          "children": Array [
            <strong />,
            <Competitor
              align="left"
              checkAuthIsCompetitor={true}
              competitor={
                            Object {
                                          "displayName": "Bob de Bouwer",
                                          "uid": 1,
                                        }
              }
              currentRanking={Object {}}
              handleClick={[Function]}
              hasVote={false}
              online={false}
              previousRanking={Object {}}
              winner={undefined}
/>,
            <styled.div>
              vs
              <styled.div>
                            0-0
              </styled.div>
</styled.div>,
            <Competitor
              align="right"
              checkAuthIsCompetitor={true}
              competitor={
                            Object {
                                          "displayName": "Asterix",
                                          "uid": 2,
                                        }
              }
              currentRanking={Object {}}
              handleClick={[Function]}
              hasVote={false}
              online={false}
              previousRanking={Object {}}
              winner={undefined}
/>,
          ],
          "contested": undefined,
        },
        "ref": null,
        "rendered": Array [
          Object {
            "instance": null,
            "key": undefined,
            "nodeType": "host",
            "props": Object {
              "children": "",
            },
            "ref": null,
            "rendered": "",
            "type": "strong",
          },
          Object {
            "instance": null,
            "key": "1",
            "nodeType": "function",
            "props": Object {
              "align": "left",
              "checkAuthIsCompetitor": true,
              "competitor": Object {
                "displayName": "Bob de Bouwer",
                "uid": 1,
              },
              "currentRanking": Object {},
              "handleClick": [Function],
              "hasVote": false,
              "online": false,
              "previousRanking": Object {},
              "winner": undefined,
            },
            "ref": null,
            "rendered": null,
            "type": [Function],
          },
          Object {
            "instance": null,
            "key": undefined,
            "nodeType": "class",
            "props": Object {
              "children": Array [
                "vs",
                <styled.div>
                  0-0
</styled.div>,
              ],
            },
            "ref": null,
            "rendered": Array [
              "vs",
              Object {
                "instance": null,
                "key": undefined,
                "nodeType": "class",
                "props": Object {
                  "children": "0-0",
                },
                "ref": null,
                "rendered": "0-0",
                "type": [Function],
              },
            ],
            "type": [Function],
          },
          Object {
            "instance": null,
            "key": "2",
            "nodeType": "function",
            "props": Object {
              "align": "right",
              "checkAuthIsCompetitor": true,
              "competitor": Object {
                "displayName": "Asterix",
                "uid": 2,
              },
              "currentRanking": Object {},
              "handleClick": [Function],
              "hasVote": false,
              "online": false,
              "previousRanking": Object {},
              "winner": undefined,
            },
            "ref": null,
            "rendered": null,
            "type": [Function],
          },
        ],
        "type": [Function],
      },
      "type": [Function],
    },
  ],
  Symbol(enzyme.__options__): Object {
    "adapter": ReactSixteenAdapter {
      "options": Object {
        "enableComponentDidUpdateOnSetState": true,
      },
    },
  },
}
`;
